
> my-v0-project@0.1.0 test
> jest --config jest.config.js

node.exe : PASS __tests__/string-conversion.test.ts
At line:1 char:1
+ & "C:\Program Files\nodejs/node.exe" "C:\Program Files\nodejs/node_mo ...
+ ~~~~~~~~~~~~~~~~~~~~~~~~~~~~~~~~~~~~~~~~~~~~~~~~~~~~~~~~~~~~~~~~~~~~~
    + CategoryInfo          : NotSpecified: (PASS __tests__/string-conversion.test.ts:Stri 
   ng) [], RemoteException
    + FullyQualifiedErrorId : NativeCommandError
 
PASS __tests__/new-services.test.ts
PASS __tests__/model-caps.test.ts
FAIL __tests__/analysis-engine.test.ts
  ΓùÅ Console

    console.log
      [QPRO DIAGNOSTIC] ========== RAW TEXT EXTRACTION ==========

      at AnalysisEngineService.log [as processQPRO] 
(lib/services/analysis-engine-service.ts:1049:15)

    console.log
      [QPRO DIAGNOSTIC] File type: application/pdf

      at AnalysisEngineService.log [as processQPRO] 
(lib/services/analysis-engine-service.ts:1050:15)

    console.log
      [QPRO DIAGNOSTIC] Raw text length (chars): 100

      at AnalysisEngineService.log [as processQPRO] 
(lib/services/analysis-engine-service.ts:1051:15)

    console.log
      [QPRO DIAGNOSTIC] Raw text preview (first 500 chars): 53616d706c65205150524f20646f637
56d656e7420636f6e74656e7420666f722074657374696e6720707572706f736573

      at AnalysisEngineService.log [as processQPRO] 
(lib/services/analysis-engine-service.ts:1052:15)

    console.log
      [QPRO DIAGNOSTIC] Raw text preview (last 500 chars): 53616d706c65205150524f20646f6375
6d656e7420636f6e74656e7420666f722074657374696e6720707572706f736573

      at AnalysisEngineService.log [as processQPRO] 
(lib/services/analysis-engine-service.ts:1053:15)

    console.log
      [QPRO DIAGNOSTIC] Total activities in preprocessed list: 0

      at AnalysisEngineService.log [as processQPRO] 
(lib/services/analysis-engine-service.ts:1057:15)

    console.log
      [QPRO DIAGNOSTIC] Non-empty content lines: 1

      at AnalysisEngineService.log [as processQPRO] 
(lib/services/analysis-engine-service.ts:1061:15)

    console.log
      [QPRO DIAGNOSTIC] ==========================================

      at AnalysisEngineService.log [as processQPRO] 
(lib/services/analysis-engine-service.ts:1063:15)

    console.log
      [QPRO DIAGNOSTIC] ========== SECTION DETECTION ==========

      at AnalysisEngineService.log [as processQPRO] 
(lib/services/analysis-engine-service.ts:1074:15)

    console.log
      Document Type: UNSTRUCTURED
      Total Sections Detected: 0
      Overall Detection Confidence: 0.0%
      Document Length: 100 characters
      
      Sections Found:

      at AnalysisEngineService.log [as processQPRO] 
(lib/services/analysis-engine-service.ts:1076:15)

    console.log
      [QPRO DIAGNOSTIC] ==========================================

      at AnalysisEngineService.log [as processQPRO] 
(lib/services/analysis-engine-service.ts:1077:15)

    console.log
      [QPRO DIAGNOSTIC] ========== SUMMARY EXTRACTION ==========

      at AnalysisEngineService.log [as processQPRO] 
(lib/services/analysis-engine-service.ts:1080:15)

    console.log
      Total Metrics Extracted: 0
      High Confidence (ΓëÑ90%): 0
      Document Length: 100 characters
      
      Extracted Summaries:

      at AnalysisEngineService.log [as processQPRO] 
(lib/services/analysis-engine-service.ts:1082:15)

    console.log
      [QPRO DIAGNOSTIC] ==========================================

      at AnalysisEngineService.log [as processQPRO] 
(lib/services/analysis-engine-service.ts:1083:15)

    console.log
      [QPRO DIAGNOSTIC] Document Title: "UNSTRUCTURED"

      at AnalysisEngineService.log [as processQPRO] 
(lib/services/analysis-engine-service.ts:1092:15)

    console.log
      [QPRO DIAGNOSTIC] Report Year: 2025

      at AnalysisEngineService.log [as processQPRO] 
(lib/services/analysis-engine-service.ts:1093:15)

    console.log
      [QPRO DIAGNOSTIC] ========== ROUTER: KRA CLASSIFICATION ==========

      at AnalysisEngineService.log [as processQPRO] 
(lib/services/analysis-engine-service.ts:1096:15)

    console.log
      ≡ƒÜÇ [ROUTER] Classifying document...

      at log (lib/services/analysis-engine-service.ts:66:11)

    console.log
      [ROUTER] Filename: "UNSTRUCTURED"

      at log (lib/services/analysis-engine-service.ts:67:11)

    console.log
      [ROUTER] Text preview length: 100 chars

      at log (lib/services/analysis-engine-service.ts:68:11)

    console.error
      [ROUTER] Classification failed: TypeError: routerModel.invoke is not a function
          at invoke (D:\downloads\Downloads from web\LSPU 
KMIS\lib\services\analysis-engine-service.ts:126:38)
          at AnalysisEngineService.classifyDominantKRA [as processQPRO] 
(D:\downloads\Downloads from web\LSPU KMIS\lib\services\analysis-engine-service.ts:1097:34)
          at processTicksAndRejections (node:internal/process/task_queues:103:5)
          at Object.<anonymous> (D:\downloads\Downloads from web\LSPU 
KMIS\__tests__\analysis-engine.test.ts:161:20)

    [0m [90m 150 |[39m     }
     [90m 151 |[39m   } [36mcatch[39m (error) {
    [31m[1m>[22m[39m[90m 152 |[39m     console[33m.[39merror([32m'[ROUTER] 
Classification failed:'[39m[33m,[39m error)[33m;[39m
     [90m     |[39m             [31m[1m^[22m[39m
     [90m 153 |[39m     [36mreturn[39m [36mnull[39m[33m;[39m
     [90m 154 |[39m   }
     [90m 155 |[39m }[0m

      at error (lib/services/analysis-engine-service.ts:152:13)
      at AnalysisEngineService.classifyDominantKRA [as processQPRO] 
(lib/services/analysis-engine-service.ts:1097:34)
      at Object.<anonymous> (__tests__/analysis-engine.test.ts:161:20)

    console.error
      [ROUTER] Could not classify document to a specific KRA

    [0m [90m 1098 |[39m       
     [90m 1099 |[39m       [36mif[39m ([33m![39mrouterResult) {
    [31m[1m>[22m[39m[90m 1100 |[39m         console[33m.[39merror([32m'[ROUTER] 
Could not classify document to a specific KRA'[39m)[33m;[39m
     [90m      |[39m                 [31m[1m^[22m[39m
     [90m 1101 |[39m         [36mthrow[39m [36mnew[39m 
[33mError[39m([32m'Document could not be classified into a Strategic Plan KRA. Please 
ensure the document contains relevant content.'[39m)[33m;[39m
     [90m 1102 |[39m       }
     [90m 1103 |[39m       [0m

      at AnalysisEngineService.error [as processQPRO] 
(lib/services/analysis-engine-service.ts:1100:17)
      at Object.<anonymous> (__tests__/analysis-engine.test.ts:161:20)

    console.error
      Error in processQPRO: Error: Document could not be classified into a Strategic Plan 
KRA. Please ensure the document contains relevant content.
          at AnalysisEngineService.processQPRO (D:\downloads\Downloads from web\LSPU 
KMIS\lib\services\analysis-engine-service.ts:1101:15)
          at processTicksAndRejections (node:internal/process/task_queues:103:5)
          at Object.<anonymous> (D:\downloads\Downloads from web\LSPU 
KMIS\__tests__\analysis-engine.test.ts:161:20)

    [0m [90m 1217 |[39m       [36mreturn[39m finalOutput[33m;[39m
     [90m 1218 |[39m     } [36mcatch[39m (error) {
    [31m[1m>[22m[39m[90m 1219 |[39m       console[33m.[39merror([32m'Error in 
processQPRO:'[39m[33m,[39m error)[33m;[39m
     [90m      |[39m               [31m[1m^[22m[39m
     [90m 1220 |[39m       [36mthrow[39m error[33m;[39m
     [90m 1221 |[39m     }
     [90m 1222 |[39m   }[0m

      at AnalysisEngineService.error [as processQPRO] 
(lib/services/analysis-engine-service.ts:1219:15)
      at Object.<anonymous> (__tests__/analysis-engine.test.ts:161:20)

    console.error
      Error in processQPRO: Error: File buffer is empty
          at AnalysisEngineService.processQPRO (D:\downloads\Downloads from web\LSPU 
KMIS\lib\services\analysis-engine-service.ts:935:15)
          at Object.processQPRO (D:\downloads\Downloads from web\LSPU 
KMIS\__tests__\analysis-engine.test.ts:179:40)
          at Promise.then.completed (D:\downloads\Downloads from web\LSPU 
KMIS\node_modules\jest-circus\build\utils.js:298:28)
          at new Promise (<anonymous>)
          at callAsyncCircusFn (D:\downloads\Downloads from web\LSPU 
KMIS\node_modules\jest-circus\build\utils.js:231:10)
          at _callCircusTest (D:\downloads\Downloads from web\LSPU 
KMIS\node_modules\jest-circus\build\run.js:316:40)
          at processTicksAndRejections (node:internal/process/task_queues:103:5)
          at _runTest (D:\downloads\Downloads from web\LSPU 
KMIS\node_modules\jest-circus\build\run.js:252:3)
          at _runTestsForDescribeBlock (D:\downloads\Downloads from web\LSPU 
KMIS\node_modules\jest-circus\build\run.js:126:9)
          at _runTestsForDescribeBlock (D:\downloads\Downloads from web\LSPU 
KMIS\node_modules\jest-circus\build\run.js:121:9)
          at run (D:\downloads\Downloads from web\LSPU 
KMIS\node_modules\jest-circus\build\run.js:71:3)
          at runAndTransformResultsToJestFormat (D:\downloads\Downloads from web\LSPU 
KMIS\node_modules\jest-circus\build\legacy-code-todo-rewrite\jestAdapterInit.js:122:21)
          at jestAdapter (D:\downloads\Downloads from web\LSPU 
KMIS\node_modules\jest-circus\build\legacy-code-todo-rewrite\jestAdapter.js:79:19)
          at runTestInternal (D:\downloads\Downloads from web\LSPU 
KMIS\node_modules\jest-runner\build\runTest.js:367:16)
          at runTest (D:\downloads\Downloads from web\LSPU 
KMIS\node_modules\jest-runner\build\runTest.js:444:34)
          at Object.worker (D:\downloads\Downloads from web\LSPU 
KMIS\node_modules\jest-runner\build\testWorker.js:106:12)

    [0m [90m 1217 |[39m       [36mreturn[39m finalOutput[33m;[39m
     [90m 1218 |[39m     } [36mcatch[39m (error) {
    [31m[1m>[22m[39m[90m 1219 |[39m       console[33m.[39merror([32m'Error in 
processQPRO:'[39m[33m,[39m error)[33m;[39m
     [90m      |[39m               [31m[1m^[22m[39m
     [90m 1220 |[39m       [36mthrow[39m error[33m;[39m
     [90m 1221 |[39m     }
     [90m 1222 |[39m   }[0m

      at AnalysisEngineService.error [as processQPRO] 
(lib/services/analysis-engine-service.ts:1219:15)
      at Object.processQPRO (__tests__/analysis-engine.test.ts:179:40)

  ΓùÅ QPRO Analysis Engine ΓÇ║ should process QPRO PDF and return analysis

    Document could not be classified into a Strategic Plan KRA. Please ensure the document 
contains relevant content.

    [0m [90m 1099 |[39m       [36mif[39m ([33m![39mrouterResult) {
     [90m 1100 |[39m         console[33m.[39merror([32m'[ROUTER] Could not classify 
document to a specific KRA'[39m)[33m;[39m
    [31m[1m>[22m[39m[90m 1101 |[39m         [36mthrow[39m [36mnew[39m 
[33mError[39m([32m'Document could not be classified into a Strategic Plan KRA. Please 
ensure the document contains relevant content.'[39m)[33m;[39m
     [90m      |[39m               [31m[1m^[22m[39m
     [90m 1102 |[39m       }
     [90m 1103 |[39m       
     [90m 1104 |[39m       [36mconst[39m { kraId[33m:[39m dominantKRA[33m,[39m 
confidence[33m:[39m routerConfidence } [33m=[39m routerResult[33m;[39m[0m

      at AnalysisEngineService.processQPRO 
(lib/services/analysis-engine-service.ts:1101:15)
      at Object.<anonymous> (__tests__/analysis-engine.test.ts:161:20)

PASS __tests__/qpro-analysis-integration.test.ts
  ΓùÅ Console

    console.warn
      [Upstash Redis] The 'url' property is missing or undefined in your Redis config.

    [0m [90m  5 |[39m
     [90m  6 |[39m   constructor() {
    [31m[1m>[22m[39m[90m  7 |[39m     [36mthis[39m[33m.[39mredis [33m=[39m 
[36mnew[39m [33mRedis[39m({
     [90m    |[39m                  [31m[1m^[22m[39m
     [90m  8 |[39m       url[33m:[39m 
process[33m.[39menv[33m.[39m[33mUPSTASH_REDIS_REST_URL[39m[33m![39m[33m,[39m
     [90m  9 |[39m       token[33m:[39m 
process[33m.[39menv[33m.[39m[33mUPSTASH_REDIS_REST_TOKEN[39m[33m![39m[33m,[39m
     [90m 10 |[39m     })[33m;[39m[0m

      at new _Redis (node_modules/@upstash/redis/nodejs.js:4564:15)
      at new RedisService (lib/services/redis-service.ts:7:18)
      at Object.<anonymous> (lib/services/redis-service.ts:78:29)
      at Object.require (lib/services/analysis-engine-service.ts:16:1)
      at Object.require (__tests__/qpro-analysis-integration.test.ts:1:1)

    console.warn
      [Upstash Redis] The 'token' property is missing or undefined in your Redis config.

    [0m [90m  5 |[39m
     [90m  6 |[39m   constructor() {
    [31m[1m>[22m[39m[90m  7 |[39m     [36mthis[39m[33m.[39mredis [33m=[39m 
[36mnew[39m [33mRedis[39m({
     [90m    |[39m                  [31m[1m^[22m[39m
     [90m  8 |[39m       url[33m:[39m 
process[33m.[39menv[33m.[39m[33mUPSTASH_REDIS_REST_URL[39m[33m![39m[33m,[39m
     [90m  9 |[39m       token[33m:[39m 
process[33m.[39menv[33m.[39m[33mUPSTASH_REDIS_REST_TOKEN[39m[33m![39m[33m,[39m
     [90m 10 |[39m     })[33m;[39m[0m

      at new _Redis (node_modules/@upstash/redis/nodejs.js:4573:15)
      at new RedisService (lib/services/redis-service.ts:7:18)
      at Object.<anonymous> (lib/services/redis-service.ts:78:29)
      at Object.require (lib/services/analysis-engine-service.ts:16:1)
      at Object.require (__tests__/qpro-analysis-integration.test.ts:1:1)


Test Suites: 1 failed, 4 passed, 5 total
Tests:       1 failed, 60 passed, 61 total
Snapshots:   0 total
Time:        3.196 s
Ran all test suites.
